/Users/microapt/IdeaProjects/Springboot-Tutorial/src/main/java/com/kiran/Springboot/tutorial/error/DepartmentNotFoundException.java
/Users/microapt/IdeaProjects/Springboot-Tutorial/src/main/java/com/kiran/Springboot/tutorial/entity/Department.java
/Users/microapt/IdeaProjects/Springboot-Tutorial/src/main/java/com/kiran/Springboot/tutorial/controller/HelloController.java
/Users/microapt/IdeaProjects/Springboot-Tutorial/src/main/java/com/kiran/Springboot/tutorial/error/RestResponseEntityExceptionHandler.java
/Users/microapt/IdeaProjects/Springboot-Tutorial/src/main/java/com/kiran/Springboot/tutorial/SpringBootTutorialApplication.java
/Users/microapt/IdeaProjects/Springboot-Tutorial/src/main/java/com/kiran/Springboot/tutorial/controller/DepartmentController.java
/Users/microapt/IdeaProjects/Springboot-Tutorial/src/main/java/com/kiran/Springboot/tutorial/repository/DepartmentRepository.java
/Users/microapt/IdeaProjects/Springboot-Tutorial/src/main/java/com/kiran/Springboot/tutorial/config/FeatureEndpoint.java
/Users/microapt/IdeaProjects/Springboot-Tutorial/src/main/java/com/kiran/Springboot/tutorial/service/DepartmentServiceImpl.java
/Users/microapt/IdeaProjects/Springboot-Tutorial/src/main/java/com/kiran/Springboot/tutorial/entity/ErrorMessage.java
/Users/microapt/IdeaProjects/Springboot-Tutorial/src/main/java/com/kiran/Springboot/tutorial/service/DepartmentService.java
